Determining size of off64_t passed with the following output:
Change Dir: '/Users/edgaralamillo/Downloads/Prorgams/Personal/Interstellar-Onslaught/build-web/CMakeFiles/CMakeTmp'

Run Build Command(s): /opt/homebrew/bin/cmake -E env VERBOSE=1 /usr/bin/make -f Makefile cmTC_7d335/fast
/Applications/Xcode.app/Contents/Developer/usr/bin/make  -f CMakeFiles/cmTC_7d335.dir/build.make CMakeFiles/cmTC_7d335.dir/build
Building C object CMakeFiles/cmTC_7d335.dir/OFF64_T.c.o
/Users/edgaralamillo/emsdk/upstream/emscripten/emcc -DHAVE_STDDEF_H -DHAVE_STDINT_H -DHAVE_SYS_TYPES_H -D_LARGEFILE64_SOURCE=1   -MD -MT CMakeFiles/cmTC_7d335.dir/OFF64_T.c.o -MF CMakeFiles/cmTC_7d335.dir/OFF64_T.c.o.d -o CMakeFiles/cmTC_7d335.dir/OFF64_T.c.o -c /Users/edgaralamillo/Downloads/Prorgams/Personal/Interstellar-Onslaught/build-web/CMakeFiles/CheckTypeSize/OFF64_T.c
Linking C executable cmTC_7d335.js
/opt/homebrew/bin/cmake -E cmake_link_script CMakeFiles/cmTC_7d335.dir/link.txt --verbose=1
/Users/edgaralamillo/emsdk/upstream/emscripten/emcc @CMakeFiles/cmTC_7d335.dir/objects1.rsp -o cmTC_7d335.js @CMakeFiles/cmTC_7d335.dir/linkLibs.rsp



Determining size of size_t passed with the following output:
Change Dir: '/Users/edgaralamillo/Downloads/Prorgams/Personal/Interstellar-Onslaught/build-web/CMakeFiles/CMakeTmp'

Run Build Command(s): /opt/homebrew/bin/cmake -E env VERBOSE=1 /usr/bin/make -f Makefile cmTC_f6c95/fast
/Applications/Xcode.app/Contents/Developer/usr/bin/make  -f CMakeFiles/cmTC_f6c95.dir/build.make CMakeFiles/cmTC_f6c95.dir/build
Building C object CMakeFiles/cmTC_f6c95.dir/SIZEOF_SIZE_T.c.o
/Users/edgaralamillo/emsdk/upstream/emscripten/emcc   -Wall -Winline -Wformat-security -Wpointer-arith -Wdisabled-optimization -Wno-unknown-pragmas -fstrict-aliasing  -std=gnu99 -MD -MT CMakeFiles/cmTC_f6c95.dir/SIZEOF_SIZE_T.c.o -MF CMakeFiles/cmTC_f6c95.dir/SIZEOF_SIZE_T.c.o.d -o CMakeFiles/cmTC_f6c95.dir/SIZEOF_SIZE_T.c.o -c /Users/edgaralamillo/Downloads/Prorgams/Personal/Interstellar-Onslaught/build-web/CMakeFiles/CheckTypeSize/SIZEOF_SIZE_T.c
Linking C executable cmTC_f6c95.js
/opt/homebrew/bin/cmake -E cmake_link_script CMakeFiles/cmTC_f6c95.dir/link.txt --verbose=1
/Users/edgaralamillo/emsdk/upstream/emscripten/emcc  -Wall -Winline -Wformat-security -Wpointer-arith -Wdisabled-optimization -Wno-unknown-pragmas -fstrict-aliasing  @CMakeFiles/cmTC_f6c95.dir/objects1.rsp -o cmTC_f6c95.js @CMakeFiles/cmTC_f6c95.dir/linkLibs.rsp



Determining size of int16_t passed with the following output:
Change Dir: '/Users/edgaralamillo/Downloads/Prorgams/Personal/Interstellar-Onslaught/build-web/CMakeFiles/CMakeTmp'

Run Build Command(s): /opt/homebrew/bin/cmake -E env VERBOSE=1 /usr/bin/make -f Makefile cmTC_3654d/fast
/Applications/Xcode.app/Contents/Developer/usr/bin/make  -f CMakeFiles/cmTC_3654d.dir/build.make CMakeFiles/cmTC_3654d.dir/build
Building C object CMakeFiles/cmTC_3654d.dir/INT16_SIZE.c.o
/Users/edgaralamillo/emsdk/upstream/emscripten/emcc    -MD -MT CMakeFiles/cmTC_3654d.dir/INT16_SIZE.c.o -MF CMakeFiles/cmTC_3654d.dir/INT16_SIZE.c.o.d -o CMakeFiles/cmTC_3654d.dir/INT16_SIZE.c.o -c /Users/edgaralamillo/Downloads/Prorgams/Personal/Interstellar-Onslaught/build-web/CMakeFiles/CheckTypeSize/INT16_SIZE.c
Linking C executable cmTC_3654d.js
/opt/homebrew/bin/cmake -E cmake_link_script CMakeFiles/cmTC_3654d.dir/link.txt --verbose=1
/Users/edgaralamillo/emsdk/upstream/emscripten/emcc @CMakeFiles/cmTC_3654d.dir/objects1.rsp -o cmTC_3654d.js @CMakeFiles/cmTC_3654d.dir/linkLibs.rsp



Determining size of uint16_t passed with the following output:
Change Dir: '/Users/edgaralamillo/Downloads/Prorgams/Personal/Interstellar-Onslaught/build-web/CMakeFiles/CMakeTmp'

Run Build Command(s): /opt/homebrew/bin/cmake -E env VERBOSE=1 /usr/bin/make -f Makefile cmTC_e2e95/fast
/Applications/Xcode.app/Contents/Developer/usr/bin/make  -f CMakeFiles/cmTC_e2e95.dir/build.make CMakeFiles/cmTC_e2e95.dir/build
Building C object CMakeFiles/cmTC_e2e95.dir/UINT16_SIZE.c.o
/Users/edgaralamillo/emsdk/upstream/emscripten/emcc    -MD -MT CMakeFiles/cmTC_e2e95.dir/UINT16_SIZE.c.o -MF CMakeFiles/cmTC_e2e95.dir/UINT16_SIZE.c.o.d -o CMakeFiles/cmTC_e2e95.dir/UINT16_SIZE.c.o -c /Users/edgaralamillo/Downloads/Prorgams/Personal/Interstellar-Onslaught/build-web/CMakeFiles/CheckTypeSize/UINT16_SIZE.c
Linking C executable cmTC_e2e95.js
/opt/homebrew/bin/cmake -E cmake_link_script CMakeFiles/cmTC_e2e95.dir/link.txt --verbose=1
/Users/edgaralamillo/emsdk/upstream/emscripten/emcc @CMakeFiles/cmTC_e2e95.dir/objects1.rsp -o cmTC_e2e95.js @CMakeFiles/cmTC_e2e95.dir/linkLibs.rsp



Determining size of u_int16_t passed with the following output:
Change Dir: '/Users/edgaralamillo/Downloads/Prorgams/Personal/Interstellar-Onslaught/build-web/CMakeFiles/CMakeTmp'

Run Build Command(s): /opt/homebrew/bin/cmake -E env VERBOSE=1 /usr/bin/make -f Makefile cmTC_0dfe7/fast
/Applications/Xcode.app/Contents/Developer/usr/bin/make  -f CMakeFiles/cmTC_0dfe7.dir/build.make CMakeFiles/cmTC_0dfe7.dir/build
Building C object CMakeFiles/cmTC_0dfe7.dir/U_INT16_SIZE.c.o
/Users/edgaralamillo/emsdk/upstream/emscripten/emcc    -MD -MT CMakeFiles/cmTC_0dfe7.dir/U_INT16_SIZE.c.o -MF CMakeFiles/cmTC_0dfe7.dir/U_INT16_SIZE.c.o.d -o CMakeFiles/cmTC_0dfe7.dir/U_INT16_SIZE.c.o -c /Users/edgaralamillo/Downloads/Prorgams/Personal/Interstellar-Onslaught/build-web/CMakeFiles/CheckTypeSize/U_INT16_SIZE.c
Linking C executable cmTC_0dfe7.js
/opt/homebrew/bin/cmake -E cmake_link_script CMakeFiles/cmTC_0dfe7.dir/link.txt --verbose=1
/Users/edgaralamillo/emsdk/upstream/emscripten/emcc @CMakeFiles/cmTC_0dfe7.dir/objects1.rsp -o cmTC_0dfe7.js @CMakeFiles/cmTC_0dfe7.dir/linkLibs.rsp



Determining size of int32_t passed with the following output:
Change Dir: '/Users/edgaralamillo/Downloads/Prorgams/Personal/Interstellar-Onslaught/build-web/CMakeFiles/CMakeTmp'

Run Build Command(s): /opt/homebrew/bin/cmake -E env VERBOSE=1 /usr/bin/make -f Makefile cmTC_89c2f/fast
/Applications/Xcode.app/Contents/Developer/usr/bin/make  -f CMakeFiles/cmTC_89c2f.dir/build.make CMakeFiles/cmTC_89c2f.dir/build
Building C object CMakeFiles/cmTC_89c2f.dir/INT32_SIZE.c.o
/Users/edgaralamillo/emsdk/upstream/emscripten/emcc    -MD -MT CMakeFiles/cmTC_89c2f.dir/INT32_SIZE.c.o -MF CMakeFiles/cmTC_89c2f.dir/INT32_SIZE.c.o.d -o CMakeFiles/cmTC_89c2f.dir/INT32_SIZE.c.o -c /Users/edgaralamillo/Downloads/Prorgams/Personal/Interstellar-Onslaught/build-web/CMakeFiles/CheckTypeSize/INT32_SIZE.c
Linking C executable cmTC_89c2f.js
/opt/homebrew/bin/cmake -E cmake_link_script CMakeFiles/cmTC_89c2f.dir/link.txt --verbose=1
/Users/edgaralamillo/emsdk/upstream/emscripten/emcc @CMakeFiles/cmTC_89c2f.dir/objects1.rsp -o cmTC_89c2f.js @CMakeFiles/cmTC_89c2f.dir/linkLibs.rsp



Determining size of uint32_t passed with the following output:
Change Dir: '/Users/edgaralamillo/Downloads/Prorgams/Personal/Interstellar-Onslaught/build-web/CMakeFiles/CMakeTmp'

Run Build Command(s): /opt/homebrew/bin/cmake -E env VERBOSE=1 /usr/bin/make -f Makefile cmTC_cc06d/fast
/Applications/Xcode.app/Contents/Developer/usr/bin/make  -f CMakeFiles/cmTC_cc06d.dir/build.make CMakeFiles/cmTC_cc06d.dir/build
Building C object CMakeFiles/cmTC_cc06d.dir/UINT32_SIZE.c.o
/Users/edgaralamillo/emsdk/upstream/emscripten/emcc    -MD -MT CMakeFiles/cmTC_cc06d.dir/UINT32_SIZE.c.o -MF CMakeFiles/cmTC_cc06d.dir/UINT32_SIZE.c.o.d -o CMakeFiles/cmTC_cc06d.dir/UINT32_SIZE.c.o -c /Users/edgaralamillo/Downloads/Prorgams/Personal/Interstellar-Onslaught/build-web/CMakeFiles/CheckTypeSize/UINT32_SIZE.c
Linking C executable cmTC_cc06d.js
/opt/homebrew/bin/cmake -E cmake_link_script CMakeFiles/cmTC_cc06d.dir/link.txt --verbose=1
/Users/edgaralamillo/emsdk/upstream/emscripten/emcc @CMakeFiles/cmTC_cc06d.dir/objects1.rsp -o cmTC_cc06d.js @CMakeFiles/cmTC_cc06d.dir/linkLibs.rsp



Determining size of u_int32_t passed with the following output:
Change Dir: '/Users/edgaralamillo/Downloads/Prorgams/Personal/Interstellar-Onslaught/build-web/CMakeFiles/CMakeTmp'

Run Build Command(s): /opt/homebrew/bin/cmake -E env VERBOSE=1 /usr/bin/make -f Makefile cmTC_891ba/fast
/Applications/Xcode.app/Contents/Developer/usr/bin/make  -f CMakeFiles/cmTC_891ba.dir/build.make CMakeFiles/cmTC_891ba.dir/build
Building C object CMakeFiles/cmTC_891ba.dir/U_INT32_SIZE.c.o
/Users/edgaralamillo/emsdk/upstream/emscripten/emcc    -MD -MT CMakeFiles/cmTC_891ba.dir/U_INT32_SIZE.c.o -MF CMakeFiles/cmTC_891ba.dir/U_INT32_SIZE.c.o.d -o CMakeFiles/cmTC_891ba.dir/U_INT32_SIZE.c.o -c /Users/edgaralamillo/Downloads/Prorgams/Personal/Interstellar-Onslaught/build-web/CMakeFiles/CheckTypeSize/U_INT32_SIZE.c
Linking C executable cmTC_891ba.js
/opt/homebrew/bin/cmake -E cmake_link_script CMakeFiles/cmTC_891ba.dir/link.txt --verbose=1
/Users/edgaralamillo/emsdk/upstream/emscripten/emcc @CMakeFiles/cmTC_891ba.dir/objects1.rsp -o cmTC_891ba.js @CMakeFiles/cmTC_891ba.dir/linkLibs.rsp



Determining size of int64_t passed with the following output:
Change Dir: '/Users/edgaralamillo/Downloads/Prorgams/Personal/Interstellar-Onslaught/build-web/CMakeFiles/CMakeTmp'

Run Build Command(s): /opt/homebrew/bin/cmake -E env VERBOSE=1 /usr/bin/make -f Makefile cmTC_67535/fast
/Applications/Xcode.app/Contents/Developer/usr/bin/make  -f CMakeFiles/cmTC_67535.dir/build.make CMakeFiles/cmTC_67535.dir/build
Building C object CMakeFiles/cmTC_67535.dir/INT64_SIZE.c.o
/Users/edgaralamillo/emsdk/upstream/emscripten/emcc    -MD -MT CMakeFiles/cmTC_67535.dir/INT64_SIZE.c.o -MF CMakeFiles/cmTC_67535.dir/INT64_SIZE.c.o.d -o CMakeFiles/cmTC_67535.dir/INT64_SIZE.c.o -c /Users/edgaralamillo/Downloads/Prorgams/Personal/Interstellar-Onslaught/build-web/CMakeFiles/CheckTypeSize/INT64_SIZE.c
Linking C executable cmTC_67535.js
/opt/homebrew/bin/cmake -E cmake_link_script CMakeFiles/cmTC_67535.dir/link.txt --verbose=1
/Users/edgaralamillo/emsdk/upstream/emscripten/emcc @CMakeFiles/cmTC_67535.dir/objects1.rsp -o cmTC_67535.js @CMakeFiles/cmTC_67535.dir/linkLibs.rsp



Determining size of short passed with the following output:
Change Dir: '/Users/edgaralamillo/Downloads/Prorgams/Personal/Interstellar-Onslaught/build-web/CMakeFiles/CMakeTmp'

Run Build Command(s): /opt/homebrew/bin/cmake -E env VERBOSE=1 /usr/bin/make -f Makefile cmTC_02d05/fast
/Applications/Xcode.app/Contents/Developer/usr/bin/make  -f CMakeFiles/cmTC_02d05.dir/build.make CMakeFiles/cmTC_02d05.dir/build
Building C object CMakeFiles/cmTC_02d05.dir/SHORT_SIZE.c.o
/Users/edgaralamillo/emsdk/upstream/emscripten/emcc    -MD -MT CMakeFiles/cmTC_02d05.dir/SHORT_SIZE.c.o -MF CMakeFiles/cmTC_02d05.dir/SHORT_SIZE.c.o.d -o CMakeFiles/cmTC_02d05.dir/SHORT_SIZE.c.o -c /Users/edgaralamillo/Downloads/Prorgams/Personal/Interstellar-Onslaught/build-web/CMakeFiles/CheckTypeSize/SHORT_SIZE.c
Linking C executable cmTC_02d05.js
/opt/homebrew/bin/cmake -E cmake_link_script CMakeFiles/cmTC_02d05.dir/link.txt --verbose=1
/Users/edgaralamillo/emsdk/upstream/emscripten/emcc @CMakeFiles/cmTC_02d05.dir/objects1.rsp -o cmTC_02d05.js @CMakeFiles/cmTC_02d05.dir/linkLibs.rsp



Determining size of int passed with the following output:
Change Dir: '/Users/edgaralamillo/Downloads/Prorgams/Personal/Interstellar-Onslaught/build-web/CMakeFiles/CMakeTmp'

Run Build Command(s): /opt/homebrew/bin/cmake -E env VERBOSE=1 /usr/bin/make -f Makefile cmTC_fdb09/fast
/Applications/Xcode.app/Contents/Developer/usr/bin/make  -f CMakeFiles/cmTC_fdb09.dir/build.make CMakeFiles/cmTC_fdb09.dir/build
Building C object CMakeFiles/cmTC_fdb09.dir/INT_SIZE.c.o
/Users/edgaralamillo/emsdk/upstream/emscripten/emcc    -MD -MT CMakeFiles/cmTC_fdb09.dir/INT_SIZE.c.o -MF CMakeFiles/cmTC_fdb09.dir/INT_SIZE.c.o.d -o CMakeFiles/cmTC_fdb09.dir/INT_SIZE.c.o -c /Users/edgaralamillo/Downloads/Prorgams/Personal/Interstellar-Onslaught/build-web/CMakeFiles/CheckTypeSize/INT_SIZE.c
Linking C executable cmTC_fdb09.js
/opt/homebrew/bin/cmake -E cmake_link_script CMakeFiles/cmTC_fdb09.dir/link.txt --verbose=1
/Users/edgaralamillo/emsdk/upstream/emscripten/emcc @CMakeFiles/cmTC_fdb09.dir/objects1.rsp -o cmTC_fdb09.js @CMakeFiles/cmTC_fdb09.dir/linkLibs.rsp



Determining size of long passed with the following output:
Change Dir: '/Users/edgaralamillo/Downloads/Prorgams/Personal/Interstellar-Onslaught/build-web/CMakeFiles/CMakeTmp'

Run Build Command(s): /opt/homebrew/bin/cmake -E env VERBOSE=1 /usr/bin/make -f Makefile cmTC_5faa7/fast
/Applications/Xcode.app/Contents/Developer/usr/bin/make  -f CMakeFiles/cmTC_5faa7.dir/build.make CMakeFiles/cmTC_5faa7.dir/build
Building C object CMakeFiles/cmTC_5faa7.dir/LONG_SIZE.c.o
/Users/edgaralamillo/emsdk/upstream/emscripten/emcc    -MD -MT CMakeFiles/cmTC_5faa7.dir/LONG_SIZE.c.o -MF CMakeFiles/cmTC_5faa7.dir/LONG_SIZE.c.o.d -o CMakeFiles/cmTC_5faa7.dir/LONG_SIZE.c.o -c /Users/edgaralamillo/Downloads/Prorgams/Personal/Interstellar-Onslaught/build-web/CMakeFiles/CheckTypeSize/LONG_SIZE.c
Linking C executable cmTC_5faa7.js
/opt/homebrew/bin/cmake -E cmake_link_script CMakeFiles/cmTC_5faa7.dir/link.txt --verbose=1
/Users/edgaralamillo/emsdk/upstream/emscripten/emcc @CMakeFiles/cmTC_5faa7.dir/objects1.rsp -o cmTC_5faa7.js @CMakeFiles/cmTC_5faa7.dir/linkLibs.rsp



Determining size of long long passed with the following output:
Change Dir: '/Users/edgaralamillo/Downloads/Prorgams/Personal/Interstellar-Onslaught/build-web/CMakeFiles/CMakeTmp'

Run Build Command(s): /opt/homebrew/bin/cmake -E env VERBOSE=1 /usr/bin/make -f Makefile cmTC_f3322/fast
/Applications/Xcode.app/Contents/Developer/usr/bin/make  -f CMakeFiles/cmTC_f3322.dir/build.make CMakeFiles/cmTC_f3322.dir/build
Building C object CMakeFiles/cmTC_f3322.dir/LONG_LONG_SIZE.c.o
/Users/edgaralamillo/emsdk/upstream/emscripten/emcc    -MD -MT CMakeFiles/cmTC_f3322.dir/LONG_LONG_SIZE.c.o -MF CMakeFiles/cmTC_f3322.dir/LONG_LONG_SIZE.c.o.d -o CMakeFiles/cmTC_f3322.dir/LONG_LONG_SIZE.c.o -c /Users/edgaralamillo/Downloads/Prorgams/Personal/Interstellar-Onslaught/build-web/CMakeFiles/CheckTypeSize/LONG_LONG_SIZE.c
Linking C executable cmTC_f3322.js
/opt/homebrew/bin/cmake -E cmake_link_script CMakeFiles/cmTC_f3322.dir/link.txt --verbose=1
/Users/edgaralamillo/emsdk/upstream/emscripten/emcc @CMakeFiles/cmTC_f3322.dir/objects1.rsp -o cmTC_f3322.js @CMakeFiles/cmTC_f3322.dir/linkLibs.rsp



Determining size of off_t passed with the following output:
Change Dir: '/Users/edgaralamillo/Downloads/Prorgams/Personal/Interstellar-Onslaught/build-web/CMakeFiles/CMakeTmp'

Run Build Command(s): /opt/homebrew/bin/cmake -E env VERBOSE=1 /usr/bin/make -f Makefile cmTC_0278b/fast
/Applications/Xcode.app/Contents/Developer/usr/bin/make  -f CMakeFiles/cmTC_0278b.dir/build.make CMakeFiles/cmTC_0278b.dir/build
Building C object CMakeFiles/cmTC_0278b.dir/MPG123_SIZEOF_OFF_T.c.o
/Users/edgaralamillo/emsdk/upstream/emscripten/emcc   -std=gnu99 -MD -MT CMakeFiles/cmTC_0278b.dir/MPG123_SIZEOF_OFF_T.c.o -MF CMakeFiles/cmTC_0278b.dir/MPG123_SIZEOF_OFF_T.c.o.d -o CMakeFiles/cmTC_0278b.dir/MPG123_SIZEOF_OFF_T.c.o -c /Users/edgaralamillo/Downloads/Prorgams/Personal/Interstellar-Onslaught/build-web/CMakeFiles/CheckTypeSize/MPG123_SIZEOF_OFF_T.c
Linking C executable cmTC_0278b.js
/opt/homebrew/bin/cmake -E cmake_link_script CMakeFiles/cmTC_0278b.dir/link.txt --verbose=1
/Users/edgaralamillo/emsdk/upstream/emscripten/emcc @CMakeFiles/cmTC_0278b.dir/objects1.rsp -o cmTC_0278b.js @CMakeFiles/cmTC_0278b.dir/linkLibs.rsp



Determining size of off_t passed with the following output:
Change Dir: '/Users/edgaralamillo/Downloads/Prorgams/Personal/Interstellar-Onslaught/build-web/CMakeFiles/CMakeTmp'

Run Build Command(s): /opt/homebrew/bin/cmake -E env VERBOSE=1 /usr/bin/make -f Makefile cmTC_7ca40/fast
/Applications/Xcode.app/Contents/Developer/usr/bin/make  -f CMakeFiles/cmTC_7ca40.dir/build.make CMakeFiles/cmTC_7ca40.dir/build
Building C object CMakeFiles/cmTC_7ca40.dir/SIZEOF_OFF_T.c.o
/Users/edgaralamillo/emsdk/upstream/emscripten/emcc    -MD -MT CMakeFiles/cmTC_7ca40.dir/SIZEOF_OFF_T.c.o -MF CMakeFiles/cmTC_7ca40.dir/SIZEOF_OFF_T.c.o.d -o CMakeFiles/cmTC_7ca40.dir/SIZEOF_OFF_T.c.o -c /Users/edgaralamillo/Downloads/Prorgams/Personal/Interstellar-Onslaught/build-web/CMakeFiles/CheckTypeSize/SIZEOF_OFF_T.c
Linking C executable cmTC_7ca40.js
/opt/homebrew/bin/cmake -E cmake_link_script CMakeFiles/cmTC_7ca40.dir/link.txt --verbose=1
/Users/edgaralamillo/emsdk/upstream/emscripten/emcc @CMakeFiles/cmTC_7ca40.dir/objects1.rsp -o cmTC_7ca40.js @CMakeFiles/cmTC_7ca40.dir/linkLibs.rsp



